// Jest Snapshot v1, https://goo.gl/fbAQLP

exports[`OE - Date block renders correctly 1`] = `
<jest>
  <time
    class="bcl-date-block d-flex flex-column align-items-center justify-content-center bg-date text-light pt-2 rounded-top mw-date"
    datetime="2021-01-23"
  >
    <span
      class="py-4 bg-white border border-bottom-0 w-100 fs-5 fw-medium text-dark text-center text-uppercase"
    >
      23 Jan
    </span>
    <span
      class="bg-lighter border w-100 text-center fs-5 text-dark rounded-bottom mb-n1"
    >
      2021
    </span>
  </time>
</jest>
`;
