// Jest Snapshot v1, https://goo.gl/fbAQLP

exports[`OE - Gallery default renders correctly 1`] = `
<jest>
  <div
    class="bcl-gallery"
  >
    <div
      class="d-sm-flex flex-sm-row align-items-sm-center"
    >
      <div
        class="flex-sm-grow-1"
      >
        <h2
          class="fw-bold mb-4 bcl-heading"
        >
          Media gallery title
        </h2>
      </div>
      <div
        class="mb-3 mb-sm-0 fw-bold"
      >
        (10) medias
      </div>
    </div>
    <div
      class="bcl-gallery__thumbnails"
    >
      <ul
        class="bcl-gallery__grid"
      >
        <li>
          <a
            class="bcl-gallery__item d-block w-100 img-fluid"
            data-bs-slide-to="0"
            data-bs-target="#carouselGalleryExample"
            href="#"
          >
            <div
              class="bcl-gallery__item-overlay"
              data-bs-target="#modalGalleryExample"
              data-bs-toggle="modal"
            >
              <div
                class="bcl-gallery__item-caption"
              >
                <h5>
                  First slide label
                </h5>
                <div
                  class="bcl-gallery__item-description"
                >
                  <p>
                    Some representative placeholder content for the first slide.
                  </p>
                </div>
              </div>
            </div>
            <img
              alt="First slide"
              src="https://picsum.photos/id/1005/400/400"
            />
          </a>
        </li>
        <li>
          <a
            class="bcl-gallery__item d-block w-100 img-fluid"
            data-bs-slide-to="1"
            data-bs-target="#carouselGalleryExample"
            href="#"
          >
            <div
              class="bcl-gallery__item-overlay"
              data-bs-target="#modalGalleryExample"
              data-bs-toggle="modal"
            >
              <div
                class="bcl-gallery__item-caption"
              >
                <h5>
                  Slide label
                </h5>
                <div
                  class="bcl-gallery__item-description"
                >
                  <p>
                    Some representative placeholder content for the slide.
                  </p>
                </div>
              </div>
            </div>
            <img
              alt="slide"
              src="https://picsum.photos/id/101/400/400"
            />
          </a>
        </li>
        <li>
          <a
            class="bcl-gallery__item d-block w-100 img-fluid"
            data-bs-slide-to="2"
            data-bs-target="#carouselGalleryExample"
            href="#"
          >
            <div
              class="bcl-gallery__item-overlay"
              data-bs-target="#modalGalleryExample"
              data-bs-toggle="modal"
            >
              <span
                class="bcl-gallery__item-play-icon"
              >
                <svg
                  class="bi icon--s"
                >
                  <use
                    xlink:href="/icons.svg#play-fill"
                  />
                </svg>
              </span>
              <div
                class="bcl-gallery__item-caption"
              >
                <h5>
                  Slide label
                </h5>
                <div
                  class="bcl-gallery__item-description"
                >
                  <p>
                    Some representative placeholder content for the slide.
                  </p>
                </div>
              </div>
            </div>
            <img
              alt="slide"
              src="https://picsum.photos/id/1012/400/400"
            />
          </a>
        </li>
        <li>
          <a
            class="bcl-gallery__item d-block w-100 img-fluid"
            data-bs-slide-to="3"
            data-bs-target="#carouselGalleryExample"
            href="#"
          >
            <div
              class="bcl-gallery__item-overlay"
              data-bs-target="#modalGalleryExample"
              data-bs-toggle="modal"
            >
              <div
                class="bcl-gallery__item-caption"
              >
                <h5>
                  Slide label
                </h5>
                <div
                  class="bcl-gallery__item-description"
                >
                  <p>
                    Some representative placeholder content for the slide.
                  </p>
                </div>
              </div>
            </div>
            <img
              alt="Slide"
              src="https://picsum.photos/id/1015/400/400"
            />
          </a>
        </li>
        <li>
          <a
            class="bcl-gallery__item d-block w-100 img-fluid"
            data-bs-slide-to="4"
            data-bs-target="#carouselGalleryExample"
            href="#"
          >
            <div
              class="bcl-gallery__item-overlay"
              data-bs-target="#modalGalleryExample"
              data-bs-toggle="modal"
            >
              <span
                class="bcl-gallery__item-play-icon"
              >
                <svg
                  class="bi icon--s"
                >
                  <use
                    xlink:href="/icons.svg#play-fill"
                  />
                </svg>
              </span>
            </div>
            <img
              alt="slide"
              src="https://picsum.photos/id/1081/400/400"
            />
          </a>
        </li>
      </ul>
      <div
        class="bcl-gallery__thumbnails-collaspe collapse"
        id="collapseGalleryExample"
      >
        <ul
          class="bcl-gallery__grid"
        >
          <li>
            <a
              class="bcl-gallery__item d-block w-100 img-fluid"
              data-bs-slide-to="5"
              data-bs-target="#carouselGalleryExample"
              href="#"
            >
              <div
                class="bcl-gallery__item-overlay"
                data-bs-target="#modalGalleryExample"
                data-bs-toggle="modal"
              >
                <div
                  class="bcl-gallery__item-caption"
                >
                  <h5>
                    Slide label
                  </h5>
                  <div
                    class="bcl-gallery__item-description"
                  >
                    <p>
                      Some representative placeholder content for the slide.
                    </p>
                  </div>
                </div>
              </div>
              <img
                alt="slide"
                src="https://picsum.photos/id/1018/400/400"
              />
            </a>
          </li>
          <li>
            <a
              class="bcl-gallery__item d-block w-100 img-fluid"
              data-bs-slide-to="6"
              data-bs-target="#carouselGalleryExample"
              href="#"
            >
              <div
                class="bcl-gallery__item-overlay"
                data-bs-target="#modalGalleryExample"
                data-bs-toggle="modal"
              >
                <div
                  class="bcl-gallery__item-caption"
                >
                  <h5>
                    Slide label
                  </h5>
                  <div
                    class="bcl-gallery__item-description"
                  >
                    <p>
                      Some representative placeholder content for the slide.
                    </p>
                  </div>
                </div>
              </div>
              <img
                alt="slide"
                src="https://picsum.photos/id/1026/400/400"
              />
            </a>
          </li>
          <li>
            <a
              class="bcl-gallery__item d-block w-100 img-fluid"
              data-bs-slide-to="7"
              data-bs-target="#carouselGalleryExample"
              href="#"
            >
              <div
                class="bcl-gallery__item-overlay"
                data-bs-target="#modalGalleryExample"
                data-bs-toggle="modal"
              >
                <div
                  class="bcl-gallery__item-caption"
                >
                  <h5>
                    Slide label
                  </h5>
                  <div
                    class="bcl-gallery__item-description"
                  >
                    <p>
                      Some representative placeholder content for the slide.
                    </p>
                  </div>
                </div>
              </div>
              <img
                alt="slide"
                src="https://picsum.photos/id/1043/400/400"
              />
            </a>
          </li>
          <li>
            <a
              class="bcl-gallery__item d-block w-100 img-fluid"
              data-bs-slide-to="8"
              data-bs-target="#carouselGalleryExample"
              href="#"
            >
              <div
                class="bcl-gallery__item-overlay"
                data-bs-target="#modalGalleryExample"
                data-bs-toggle="modal"
              >
                <div
                  class="bcl-gallery__item-caption"
                >
                  <h5>
                    Slide label
                  </h5>
                  <div
                    class="bcl-gallery__item-description"
                  >
                    <p>
                      Some representative placeholder content for the slide.
                    </p>
                  </div>
                </div>
              </div>
              <img
                alt="slide"
                src="https://picsum.photos/id/1050/400/400"
              />
            </a>
          </li>
          <li>
            <a
              class="bcl-gallery__item d-block w-100 img-fluid"
              data-bs-slide-to="9"
              data-bs-target="#carouselGalleryExample"
              href="#"
            >
              <div
                class="bcl-gallery__item-overlay"
                data-bs-target="#modalGalleryExample"
                data-bs-toggle="modal"
              >
                <div
                  class="bcl-gallery__item-caption"
                >
                  <h5>
                    Last slide label
                  </h5>
                  <div
                    class="bcl-gallery__item-description"
                  >
                    <p>
                      Some representative placeholder content for the last slide.
                    </p>
                  </div>
                </div>
              </div>
              <img
                alt="slide"
                src="https://picsum.photos/id/1071/400/400"
              />
            </a>
          </li>
        </ul>
      </div>
    </div>
    <div
      class="bg-lighter py-3 px-4 mt-2 rounded text-center"
    >
      <a
        aria-controls="collapseGalleryExample"
        aria-expanded="false"
        class="bcl-gallery__collapse standalone d-none d-sm-inline-block"
        data-bs-toggle="collapse"
        href="#collapseGalleryExample"
        role="button"
      >
        <span
          class="label-collapsed"
        >
          view the full gallery (10)
        </span>
        <span
          class="label-expanded"
        >
          view less
        </span>
        <svg
          class="ms-2-5 bi icon--2xs"
        >
          <use
            xlink:href="/icons.svg#caret-down-fill"
          />
        </svg>
      </a>
      <a
        class="bcl-gallery__mobile-view-more standalone d-inline-block d-sm-none"
        data-bs-slide-to="5"
        data-bs-target="#carouselGalleryExample"
        href="#"
        role="button"
      >
        <span
          data-bs-target="#modalGalleryExample"
          data-bs-toggle="modal"
        >
          <span
            class="label-collapsed"
          >
            view the full gallery (10)
          </span>
          <svg
            class="ms-2-5 bi icon--2xs"
          >
            <use
              xlink:href="/icons.svg#caret-down-fill"
            />
          </svg>
          <span />
        </span>
      </a>
    </div>
    <div
      aria-hidden="true"
      aria-labelledby="modalGalleryExample"
      class="modal"
      data-bs-backdrop="false"
      id="modalGalleryExample"
      tabindex="-1"
    >
      <div
        class="modal-dialog modal-dialog-centered modal-fullscreen"
      >
        <div
          class="modal-content"
        >
          <div
            class="modal-header border-0 justify-content-between"
          >
            <div
              class="modal-title"
            >
              <h3
                class="d-none d-sm-block"
              >
                Media gallery title
              </h3>
            </div>
            <div
              class="carousel-pager"
            >
              <span>
                1
              </span>
               / 10
            
            </div>
            <div
              class="modal-close"
            >
              <button
                aria-label="Close"
                class="btn-close"
                data-bs-dismiss="modal"
                type="button"
              />
            </div>
          </div>
          <div
            class="modal-body d-flex align-items-center justify-content-center"
          >
            <div
              class="carousel slide"
              data-bs-interval="false"
              data-bs-ride="carousel"
              id="carouselGalleryExample"
            >
              <div
                class="carousel-inner"
              >
                <div
                  class="carousel-item active"
                >
                  <img
                    alt="First slide"
                    data-src="https://picsum.photos/id/1005/800/400"
                  />
                  <div
                    class="carousel-caption d-none d-md-block"
                  >
                    <h5>
                      First slide label
                    </h5>
                    <p>
                      Some representative placeholder content for the first slide.
                    </p>
                  </div>
                </div>
                <div
                  class="carousel-item"
                >
                  <img
                    alt="slide"
                    data-src="https://picsum.photos/id/101/800/400"
                  />
                  <div
                    class="carousel-caption d-none d-md-block"
                  >
                    <h5>
                      Slide label
                    </h5>
                    <p>
                      Some representative placeholder content for the slide.
                    </p>
                  </div>
                </div>
                <div
                  class="carousel-item"
                >
                  <iframe
                    data-src="https://www.youtube.com/embed/fgi-GSCB6ho"
                    frameborder="0"
                  />
                </div>
                <div
                  class="carousel-item"
                >
                  <img
                    alt="slide"
                    data-src="https://picsum.photos/id/1015/800/400"
                  />
                  <div
                    class="carousel-caption d-none d-md-block"
                  >
                    <h5>
                      Slide label
                    </h5>
                    <p>
                      Some representative placeholder content for the slide.
                    </p>
                  </div>
                </div>
                <div
                  class="carousel-item"
                >
                  <video
                    controls="controls"
                    poster="https://picsum.photos/id/1081/800/400"
                  >
                    <source
                      src="https://inno-ecl.s3.amazonaws.com/media/videos/big_buck_bunny.mp4"
                      type="video/mp4"
                    />
                    <source
                      src="https://inno-ecl.s3.amazonaws.com/media/videos/big_buck_bunny.webm"
                      type="video/webm"
                    />
                    <track
                      kind="captions"
                      label="English"
                      src="/captions/bunny-en.vtt"
                      srclang="en"
                    />
                    <track
                      kind="captions"
                      label="français"
                      src="/captions/bunny-fr.vtt"
                      srclang="fr"
                    />
                  </video>
                </div>
                <div
                  class="carousel-item"
                >
                  <img
                    alt="Slide"
                    data-src="https://picsum.photos/id/1018/800/400"
                  />
                  <div
                    class="carousel-caption d-none d-md-block"
                  >
                    <h5>
                      Slide label
                    </h5>
                    <p>
                      Some representative placeholder content for the slide.
                    </p>
                  </div>
                </div>
                <div
                  class="carousel-item"
                >
                  <img
                    alt="Slide"
                    data-src="https://picsum.photos/id/1026/800/400"
                  />
                  <div
                    class="carousel-caption d-none d-md-block"
                  >
                    <h5>
                      Slide label
                    </h5>
                    <p>
                      Some representative placeholder content for the slide.
                    </p>
                  </div>
                </div>
                <div
                  class="carousel-item"
                >
                  <img
                    alt="Slide"
                    data-src="https://picsum.photos/id/1043/800/400"
                  />
                  <div
                    class="carousel-caption d-none d-md-block"
                  >
                    <h5>
                      Slide label
                    </h5>
                    <p>
                      Some representative placeholder content for the slide.
                    </p>
                  </div>
                </div>
                <div
                  class="carousel-item"
                >
                  <img
                    alt="First slide"
                    data-src="https://picsum.photos/id/1050/800/400"
                  />
                  <div
                    class="carousel-caption d-none d-md-block"
                  >
                    <h5>
                      Slide label
                    </h5>
                    <p>
                      Some representative placeholder content for the slide.
                    </p>
                  </div>
                </div>
                <div
                  class="carousel-item"
                >
                  <img
                    alt="First slide"
                    data-src="https://picsum.photos/id/1071/800/400"
                  />
                  <div
                    class="carousel-caption d-none d-md-block"
                  >
                    <h5>
                      Last slide label
                    </h5>
                    <p>
                      Some representative placeholder content for the last slide.
                    </p>
                  </div>
                </div>
              </div>
              <button
                class="carousel-control-prev"
                data-bs-slide="prev"
                data-bs-target="#carouselGalleryExample"
                type="button"
              >
                <span
                  aria-hidden="true"
                  class="carousel-control-prev-icon"
                />
                <span
                  class="visually-hidden"
                >
                  Previous
                </span>
              </button>
              <button
                class="carousel-control-next"
                data-bs-slide="next"
                data-bs-target="#carouselGalleryExample"
                type="button"
              >
                <span
                  aria-hidden="true"
                  class="carousel-control-next-icon"
                />
                <span
                  class="visually-hidden"
                >
                  Next
                </span>
              </button>
            </div>
          </div>
        </div>
      </div>
    </div>
  </div>
</jest>
`;
