// Jest Snapshot v1, https://goo.gl/fbAQLP

exports[`OE - Breadcrumb renders correctly 1`] = `
<jest>
  <nav
    aria-label="breadcrumb"
  >
    <ol
      class="breadcrumb"
    >
      <li
        class="breadcrumb-item d-none d-md-block"
      >
        <a
          href="/example.html"
        >
          Home
        </a>
      </li>
      <li
        class="breadcrumb-item d-none d-md-block"
      >
        <a
          href="/example.html"
        >
          European Union
        </a>
      </li>
      <li
        class="breadcrumb-item"
      >
        <a
          href="/example.html"
        >
          <svg
            class="d-md-none ms-0 me-2 me-2-5 bi icon--s"
          >
            <use
              xlink:href="/icons.svg#arrow-left"
            />
          </svg>
          About the European Union
        </a>
      </li>
      <li
        aria-current="page"
        class="breadcrumb-item d-none d-md-block active"
      >
        News
      </li>
    </ol>
  </nav>
</jest>
`;
