// Jest Snapshot v1, https://goo.gl/fbAQLP

exports[`OE - Links block renders correctly 1`] = `
<jest>
  <div
    class="bg-light"
  >
    
HEY
    
  </div>
</jest>
`;
