// Jest Snapshot v1, https://goo.gl/fbAQLP

exports[`OE - Card renders correctly 1`] = `
<jest>
  <div
    class="w-25 card"
  >
    <div
      class="card-header"
    >
      Header of card
    </div>
    <img
      alt="alt img"
      class="card-img-top"
      src="https://picsum.photos/seed/1002/600/400"
    />
    <div
      class="card-body"
    >
      <h5
        class="card-title"
      >
        Title card
      </h5>
      <h6
        class="card-subtitle mb-2"
      >
        Subtitle card
      </h6>
      <p
        class="card-text mb-2"
      >
        Text card with longer text which is supported
      </p>
      <div
        class="mt-2-5"
      >
        <span
          class="mb-2 me-2 badge rounded-pill badge-outline-primary"
        >
          I'm a badge
        </span>
        <span
          class="test-class mb-2 badge rounded-pill badge-outline-primary"
        >
          I'm also a badge
        </span>
      </div>
    </div>
    <div
      class="card-footer"
    >
      Footer of card
    </div>
  </div>
</jest>
`;

exports[`OE - Card renders correctly with badges 1`] = `
<jest>
  <div
    class="w-25 card"
  >
    <div
      class="card-header"
    >
      Header of card
    </div>
    <img
      alt="alt img"
      class="card-img-top"
      src="https://picsum.photos/seed/1002/600/400"
    />
    <div
      class="card-body"
    >
      <h5
        class="card-title"
      >
        Title card
      </h5>
      <h6
        class="card-subtitle mb-2"
      >
        Subtitle card
      </h6>
      <p
        class="card-text mb-2"
      >
        Text card with longer text which is supported
      </p>
      <div
        class="mt-2-5"
      >
        <span
          class="mb-2 badge bg-primary"
        >
          Card Category
        </span>
      </div>
    </div>
    <div
      class="card-footer"
    >
      Footer of card
    </div>
  </div>
</jest>
`;

exports[`OE - Card renders correctly with custom title attributes 1`] = `
<jest>
  <div
    class="card"
  >
    <div
      class="card-header"
    >
      Header of card
    </div>
    <img
      alt="alt img"
      class="card-img-top"
      src="https://picsum.photos/seed/1002/600/400"
    />
    <div
      class="card-body"
    >
      <h5
        attribute="with a value"
        class="card-title"
        test="value"
      >
        Title card
      </h5>
      <h6
        class="card-subtitle mb-2"
      >
        Subtitle card
      </h6>
      <p
        class="card-text mb-2"
      >
        Text card with longer text which is supported
      </p>
      <div
        class="mt-2-5"
      >
        <span
          class="mb-2 me-2 badge rounded-pill badge-outline-primary"
        >
          I'm a badge
        </span>
        <span
          class="test-class mb-2 badge rounded-pill badge-outline-primary"
        >
          I'm also a badge
        </span>
      </div>
    </div>
    <div
      class="card-footer"
    >
      Footer of card
    </div>
  </div>
</jest>
`;

exports[`OE - Card renders horizontal correctly 1`] = `
<jest>
  <div
    class="w-50 card"
  >
    <div
      class="row g-0"
    >
      <div
        class="col-4"
      >
        <img
          alt="alt img"
          class="card-img-top"
          src="https://picsum.photos/seed/1019/400/600"
        />
      </div>
      <div
        class="col-8"
      >
        <div
          class="card-body"
        >
          <h5
            class="card-title"
          >
            Title card
          </h5>
          <h6
            class="card-subtitle mb-2"
          >
            Subtitle card
          </h6>
          <p
            class="card-text mb-2"
          >
            Text card with longer text which is supported
          </p>
          <button
            class="btn btn-primary"
          >
            Custom action
          </button>
        </div>
      </div>
    </div>
  </div>
</jest>
`;

exports[`OE - Card renders with border variant correctly 1`] = `
<jest>
  <div
    class="card border-danger"
  >
    <div
      class="card-header"
    >
      Header of card
    </div>
    <img
      alt="alt img"
      class="card-img-top"
      src="https://picsum.photos/seed/1002/600/400"
    />
    <div
      class="card-body"
    >
      <h5
        class="card-title"
      >
        Title card
      </h5>
      <h6
        class="card-subtitle mb-2"
      >
        Subtitle card
      </h6>
      <p
        class="card-text mb-2"
      >
        Text card with longer text which is supported
      </p>
      <div
        class="mt-2-5"
      >
        <span
          class="mb-2 me-2 badge rounded-pill badge-outline-primary"
        >
          I'm a badge
        </span>
        <span
          class="test-class mb-2 badge rounded-pill badge-outline-primary"
        >
          I'm also a badge
        </span>
      </div>
    </div>
    <div
      class="card-footer"
    >
      Footer of card
    </div>
  </div>
</jest>
`;

exports[`OE - Card renders with image bottom correctly 1`] = `
<jest>
  <div
    class="card"
  >
    <div
      class="card-header"
    >
      Header of card
    </div>
    <div
      class="card-body"
    >
      <h5
        class="card-title"
      >
        Title card
      </h5>
      <h6
        class="card-subtitle mb-2"
      >
        Subtitle card
      </h6>
      <p
        class="card-text mb-2"
      >
        Text card with longer text which is supported
      </p>
      <div
        class="mt-2-5"
      >
        <span
          class="mb-2 me-2 badge rounded-pill badge-outline-primary"
        >
          I'm a badge
        </span>
        <span
          class="test-class mb-2 badge rounded-pill badge-outline-primary"
        >
          I'm also a badge
        </span>
      </div>
    </div>
    <img
      alt="alt img"
      class="card-img-bottom"
      src="https://picsum.photos/seed/1002/600/400"
    />
    <div
      class="card-footer"
    >
      Footer of card
    </div>
  </div>
</jest>
`;

exports[`OE - Card renders with text color white correctly 1`] = `
<jest>
  <div
    class="card text-white"
  >
    <div
      class="card-header"
    >
      Header of card
    </div>
    <img
      alt="alt img"
      class="card-img-top"
      src="https://picsum.photos/seed/1002/600/400"
    />
    <div
      class="card-body"
    >
      <h5
        class="card-title"
      >
        Title card
      </h5>
      <h6
        class="card-subtitle mb-2"
      >
        Subtitle card
      </h6>
      <p
        class="card-text mb-2"
      >
        Text card with longer text which is supported
      </p>
      <div
        class="mt-2-5"
      >
        <span
          class="mb-2 me-2 badge rounded-pill badge-outline-primary"
        >
          I'm a badge
        </span>
        <span
          class="test-class mb-2 badge rounded-pill badge-outline-primary"
        >
          I'm also a badge
        </span>
      </div>
    </div>
    <div
      class="card-footer"
    >
      Footer of card
    </div>
  </div>
</jest>
`;

exports[`OE - Card renders with variant correctly 1`] = `
<jest>
  <div
    class="card bg-danger text-white"
  >
    <div
      class="card-header"
    >
      Header of card
    </div>
    <img
      alt="alt img"
      class="card-img-top"
      src="https://picsum.photos/seed/1002/600/400"
    />
    <div
      class="card-body"
    >
      <h5
        class="card-title"
      >
        Title card
      </h5>
      <h6
        class="card-subtitle mb-2"
      >
        Subtitle card
      </h6>
      <p
        class="card-text mb-2"
      >
        Text card with longer text which is supported
      </p>
      <div
        class="mt-2-5"
      >
        <span
          class="mb-2 me-2 badge rounded-pill badge-outline-primary"
        >
          I'm a badge
        </span>
        <span
          class="test-class mb-2 badge rounded-pill badge-outline-primary"
        >
          I'm also a badge
        </span>
      </div>
    </div>
    <div
      class="card-footer"
    >
      Footer of card
    </div>
  </div>
</jest>
`;
