// Jest Snapshot v1, https://goo.gl/fbAQLP

exports[`OE - Subscription Block renders correctly 1`] = `
<jest>
  <div
    class="bg-light px-4-5 pt-4 pb-4-5"
  >
    <div
      class="fs-2 fw-normal"
    >
      Subscribe
    </div>
    <p
      class="fw-bold"
    >
      Get notified lorem ipsum dolor sit amet, consectetur adipiscing elit, sed do eiusmod tempor incididunt ut labore et dolore magna aliqua.
    </p>
    <div
      class="pb-2"
    >
      <button
        class="btn btn-secondary btn-lg"
        data-bs-target="#subscribeModal"
        data-bs-toggle="modal"
        type="button"
      >
        Subscribe
        <svg
          class="ms-2-5 bi icon--fluid"
        >
          <use
            xlink:href="/icons.svg#chevron-right"
          />
        </svg>
      </button>
    </div>
  </div>
</jest>
`;
