// Jest Snapshot v1, https://goo.gl/fbAQLP

exports[`OE - Mega Menu renders correctly 1`] = `
<jest>
  <div
    aria-labelledby="dropdown-megamenu"
    class="bcl-mega-menu"
    style="--bcl-mm-min-height: 300px;"
  >
    <button
      aria-expanded="false"
      autocomplete="off"
      class="dropdown-toggle btn btn-primary btn-md"
      data-bs-auto-close="outside"
      data-bs-toggle="dropdown"
      id="dropdown-megamenu"
      type="button"
    >
      A link with dropdown
    </button>
    <div
      aria-labelledby="dropdown-megamenu"
      class="mega-menu-container dropdown-menu"
    >
      <div
        class="d-lg-none back-button-block"
      >
        <button
          class="back-button btn btn-link btn-md"
          type="button"
        >
          <svg
            class="me-2-5 bi icon--fluid"
          >
            <use
              xlink:href="#arrow-left"
            />
          </svg>
          Back
        </button>
      </div>
      <div
        class="row position-relative"
      >
        <div
          class="col-md-12 col-xl-3"
        >
          <div
            class="content-block"
          >
            <h4>
              Mega Menu Content Title
            </h4>
            <p>
              Description text, lorem ipsum dolor sit amet, consectetur adipiscing elit.
            </p>
            <a
              class="content-link"
              href="/example.html"
            >
              Discover more
              <svg
                class="ms-2-5 bi icon--s"
              >
                <use
                  xlink:href="#arrow-right"
                />
              </svg>
            </a>
          </div>
        </div>
        <div
          class="col-md-12 col-xl-9 mb-3 mb-xl-0"
        >
          <div
            class="navigation-items"
          >
            <div
              class="dropdown dropend"
            >
              <a
                aria-expanded="false"
                class="dropdown-toggle"
                data-bs-auto-close="false"
                data-bs-toggle="dropdown"
                href="/example.html"
                id="dropdown-megamenu-inner"
                role="button"
              >
                Base Category Item
                <svg
                  class="ms-2-5 bi icon--fluid"
                >
                  <use
                    xlink:href="#chevron-right"
                  />
                </svg>
              </a>
              <ul
                aria-labelledby="dropdown-megamenu-inner"
                class="dropdown-menu"
              >
                <li>
                  <a
                    class="dropdown-item"
                    href="/example.html"
                  >
                    Base Sub Category Item
                  </a>
                </li>
                <li>
                  <a
                    class="dropdown-item"
                    href="/example.html"
                  >
                    Base Sub Category Item
                  </a>
                </li>
                <li>
                  <a
                    class="dropdown-item"
                    href="/example.html"
                  >
                    Base Sub Category Item
                  </a>
                </li>
                <li>
                  <a
                    class="dropdown-item"
                    href="/example.html"
                  >
                    Base Sub Category Item
                  </a>
                </li>
                <li>
                  <a
                    class="dropdown-item"
                    href="/example.html"
                  >
                    Base Sub Category Item
                  </a>
                </li>
              </ul>
            </div>
            <a
              href="/example.html"
            >
              Base Category Item
            </a>
            <div
              class="dropdown dropend"
            >
              <a
                aria-expanded="false"
                class="dropdown-toggle"
                data-bs-auto-close="false"
                data-bs-toggle="dropdown"
                href="/example.html"
                id="dropdown-megamenu-inner-2"
                role="button"
              >
                Base Category Item
                <svg
                  class="ms-2-5 bi icon--fluid"
                >
                  <use
                    xlink:href="#chevron-right"
                  />
                </svg>
              </a>
              <ul
                aria-labelledby="dropdown-megamenu-inner-2"
                class="dropdown-menu"
              >
                <li>
                  <a
                    class="dropdown-item"
                    href="/example.html"
                  >
                    Base Sub Category Item
                  </a>
                </li>
                <li>
                  <a
                    class="dropdown-item"
                    href="/example.html"
                  >
                    Base Sub Category Item
                  </a>
                </li>
                <li>
                  <a
                    class="dropdown-item"
                    href="/example.html"
                  >
                    Base Sub Category Item
                  </a>
                </li>
                <li>
                  <a
                    class="dropdown-item"
                    href="/example.html"
                  >
                    Base Sub Category Item
                  </a>
                </li>
                <li>
                  <a
                    class="dropdown-item"
                    href="/example.html"
                  >
                    Base Sub Category Item
                  </a>
                </li>
              </ul>
            </div>
            <div
              class="collapse"
            >
              <a
                class="mb-3 d-block"
                href="#"
              >
                 Example link
              </a>
              <img
                alt="image"
                src="https://inno-ecl.s3.amazonaws.com/media/examples/example-image.jpg"
              />
            </div>
            <a
              href="/example.html"
            >
              Base Category Item
            </a>
            <a
              href="/example.html"
            >
              Base Category Item
            </a>
            <a
              href="/example.html"
            >
              Base Category Item
            </a>
          </div>
        </div>
      </div>
    </div>
  </div>
</jest>
`;
