// Jest Snapshot v1, https://goo.gl/fbAQLP

exports[`OE - Inpage navigation default renders correctly 1`] = `
<jest>
  <div
    class="row"
  >
    <div
      class="col-md-3 d-none d-md-block"
    >
      <nav
        class="position-sticky"
        id="bcl-inpage-navigation"
      >
        <h5>
          Page content
        </h5>
        <ul
          class="nav nav-pills flex-column"
        >
          <li
            class="nav-item"
          >
            <a
              class="nav-link"
              href="#item-1"
            >
              Heading 1
            </a>
          </li>
          <li
            class="nav-item"
          >
            <a
              class="nav-link"
              href="#item-2"
            >
              Heading 2 with a long title going on several lines
            </a>
          </li>
          <li
            class="nav-item"
          >
            <a
              class="nav-link"
              href="#item-3"
            >
              Heading 3
            </a>
          </li>
          <li
            class="nav-item"
          >
            <a
              class="nav-link"
              href="#item-4"
            >
              Heading 4
            </a>
          </li>
        </ul>
      </nav>
    </div>
    <div
      class="col-md-9"
    >
      <h2
        id="item-1"
      >
        Heading 1
      </h2>
      <p>
        Et pariatur qui quis ullamco magna esse aliqua. Ea eiusmod commodo in laborum nulla cillum anim. Culpa sint dolor aliquip pariatur proident ipsum id. Est voluptate et eiusmod labore ea ad consectetur minim nostrud ad. Exercitation sint laborum velit consequat magna dolor voluptate dolore incididunt nostrud eu deserunt sunt. Mollit qui sunt commodo id voluptate voluptate Lorem dolore est voluptate mollit consectetur ullamco est. Enim minim sunt ex non pariatur ex labore qui laborum sint consequat. Aute cupidatat id sint incididunt Lorem Lorem aute aliqua sint aliquip commodo laborum quis. Ex irure sit reprehenderit in amet. Fugiat in amet proident consequat occaecat officia et consequat ipsum aute commodo. Pariatur duis consequat ipsum enim quis Lorem sint eiusmod esse. Occaecat amet esse aliquip non incididunt nisi sint do. Magna deserunt irure est nostrud deserunt in elit in enim do occaecat consequat. Incididunt duis reprehenderit commodo mollit culpa ex. Cillum ullamco cupidatat sit fugiat exercitation voluptate elit nulla duis. Dolor deserunt ad aute sint. Sunt cillum aute anim quis anim anim. Voluptate enim proident voluptate deserunt mollit. Veniam exercitation ex aliquip laborum commodo esse laboris. Veniam exercitation dolore quis ea minim magna. Labore adipisicing magna in excepteur esse ullamco aliqua tempor veniam id anim. Nulla deserunt laboris aute reprehenderit nisi quis commodo. Excepteur tempor nulla amet fugiat ullamco sit. Nostrud proident exercitation veniam elit ullamco ullamco officia minim officia commodo id duis. Laboris ullamco aliquip voluptate dolore aliquip nostrud magna ut cillum nisi officia.
      </p>
      <p>
        Et pariatur qui quis ullamco magna esse aliqua. Ea eiusmod commodo in laborum nulla cillum anim. Culpa sint dolor aliquip pariatur proident ipsum id. Est voluptate et eiusmod labore ea ad consectetur minim nostrud ad. Exercitation sint laborum velit consequat magna dolor voluptate dolore incididunt nostrud eu deserunt sunt. Mollit qui sunt commodo id voluptate voluptate Lorem dolore est voluptate mollit consectetur ullamco est. Enim minim sunt ex non pariatur ex labore qui laborum sint consequat. Aute cupidatat id sint incididunt Lorem Lorem aute aliqua sint aliquip commodo laborum quis. Ex irure sit reprehenderit in amet. Fugiat in amet proident consequat occaecat officia et consequat ipsum aute commodo. Pariatur duis consequat ipsum enim quis Lorem sint eiusmod esse. Occaecat amet esse aliquip non incididunt nisi sint do. Magna deserunt irure est nostrud deserunt in elit in enim do occaecat consequat. Incididunt duis reprehenderit commodo mollit culpa ex. Cillum ullamco cupidatat sit fugiat exercitation voluptate elit nulla duis. Dolor deserunt ad aute sint. Sunt cillum aute anim quis anim anim. Voluptate enim proident voluptate deserunt mollit. Veniam exercitation ex aliquip laborum commodo esse laboris. Veniam exercitation dolore quis ea minim magna. Labore adipisicing magna in excepteur esse ullamco aliqua tempor veniam id anim. Nulla deserunt laboris aute reprehenderit nisi quis commodo. Excepteur tempor nulla amet fugiat ullamco sit. Nostrud proident exercitation veniam elit ullamco ullamco officia minim officia commodo id duis. Laboris ullamco aliquip voluptate dolore aliquip nostrud magna ut cillum nisi officia.
      </p>
      <h2
        id="item-2"
      >
        Heading 2 with a long title going on several lines
      </h2>
      <p>
        Et pariatur qui quis ullamco magna esse aliqua. Ea eiusmod commodo in laborum nulla cillum anim. Culpa sint dolor aliquip pariatur proident ipsum id. Est voluptate et eiusmod labore ea ad consectetur minim nostrud ad. Exercitation sint laborum velit consequat magna dolor voluptate dolore incididunt nostrud eu deserunt sunt. Mollit qui sunt commodo id voluptate voluptate Lorem dolore est voluptate mollit consectetur ullamco est. Enim minim sunt ex non pariatur ex labore qui laborum sint consequat. Aute cupidatat id sint incididunt Lorem Lorem aute aliqua sint aliquip commodo laborum quis. Ex irure sit reprehenderit in amet. Fugiat in amet proident consequat occaecat officia et consequat ipsum aute commodo. Pariatur duis consequat ipsum enim quis Lorem sint eiusmod esse. Occaecat amet esse aliquip non incididunt nisi sint do. Magna deserunt irure est nostrud deserunt in elit in enim do occaecat consequat. Incididunt duis reprehenderit commodo mollit culpa ex. Cillum ullamco cupidatat sit fugiat exercitation voluptate elit nulla duis. Dolor deserunt ad aute sint. Sunt cillum aute anim quis anim anim. Voluptate enim proident voluptate deserunt mollit. Veniam exercitation ex aliquip laborum commodo esse laboris. Veniam exercitation dolore quis ea minim magna. Labore adipisicing magna in excepteur esse ullamco aliqua tempor veniam id anim. Nulla deserunt laboris aute reprehenderit nisi quis commodo. Excepteur tempor nulla amet fugiat ullamco sit. Nostrud proident exercitation veniam elit ullamco ullamco officia minim officia commodo id duis. Laboris ullamco aliquip voluptate dolore aliquip nostrud magna ut cillum nisi officia.
      </p>
      <p>
        Et pariatur qui quis ullamco magna esse aliqua. Ea eiusmod commodo in laborum nulla cillum anim. Culpa sint dolor aliquip pariatur proident ipsum id. Est voluptate et eiusmod labore ea ad consectetur minim nostrud ad. Exercitation sint laborum velit consequat magna dolor voluptate dolore incididunt nostrud eu deserunt sunt. Mollit qui sunt commodo id voluptate voluptate Lorem dolore est voluptate mollit consectetur ullamco est. Enim minim sunt ex non pariatur ex labore qui laborum sint consequat. Aute cupidatat id sint incididunt Lorem Lorem aute aliqua sint aliquip commodo laborum quis. Ex irure sit reprehenderit in amet. Fugiat in amet proident consequat occaecat officia et consequat ipsum aute commodo. Pariatur duis consequat ipsum enim quis Lorem sint eiusmod esse. Occaecat amet esse aliquip non incididunt nisi sint do. Magna deserunt irure est nostrud deserunt in elit in enim do occaecat consequat. Incididunt duis reprehenderit commodo mollit culpa ex. Cillum ullamco cupidatat sit fugiat exercitation voluptate elit nulla duis. Dolor deserunt ad aute sint. Sunt cillum aute anim quis anim anim. Voluptate enim proident voluptate deserunt mollit. Veniam exercitation ex aliquip laborum commodo esse laboris. Veniam exercitation dolore quis ea minim magna. Labore adipisicing magna in excepteur esse ullamco aliqua tempor veniam id anim. Nulla deserunt laboris aute reprehenderit nisi quis commodo. Excepteur tempor nulla amet fugiat ullamco sit. Nostrud proident exercitation veniam elit ullamco ullamco officia minim officia commodo id duis. Laboris ullamco aliquip voluptate dolore aliquip nostrud magna ut cillum nisi officia.
      </p>
      <h2
        id="item-3"
      >
        Heading 3
      </h2>
      <p>
        Et pariatur qui quis ullamco magna esse aliqua. Ea eiusmod commodo in laborum nulla cillum anim. Culpa sint dolor aliquip pariatur proident ipsum id. Est voluptate et eiusmod labore ea ad consectetur minim nostrud ad. Exercitation sint laborum velit consequat magna dolor voluptate dolore incididunt nostrud eu deserunt sunt. Mollit qui sunt commodo id voluptate voluptate Lorem dolore est voluptate mollit consectetur ullamco est. Enim minim sunt ex non pariatur ex labore qui laborum sint consequat. Aute cupidatat id sint incididunt Lorem Lorem aute aliqua sint aliquip commodo laborum quis. Ex irure sit reprehenderit in amet. Fugiat in amet proident consequat occaecat officia et consequat ipsum aute commodo. Pariatur duis consequat ipsum enim quis Lorem sint eiusmod esse. Occaecat amet esse aliquip non incididunt nisi sint do. Magna deserunt irure est nostrud deserunt in elit in enim do occaecat consequat. Incididunt duis reprehenderit commodo mollit culpa ex. Cillum ullamco cupidatat sit fugiat exercitation voluptate elit nulla duis. Dolor deserunt ad aute sint. Sunt cillum aute anim quis anim anim. Voluptate enim proident voluptate deserunt mollit. Veniam exercitation ex aliquip laborum commodo esse laboris. Veniam exercitation dolore quis ea minim magna. Labore adipisicing magna in excepteur esse ullamco aliqua tempor veniam id anim. Nulla deserunt laboris aute reprehenderit nisi quis commodo. Excepteur tempor nulla amet fugiat ullamco sit. Nostrud proident exercitation veniam elit ullamco ullamco officia minim officia commodo id duis. Laboris ullamco aliquip voluptate dolore aliquip nostrud magna ut cillum nisi officia.
      </p>
      <p>
        Et pariatur qui quis ullamco magna esse aliqua. Ea eiusmod commodo in laborum nulla cillum anim. Culpa sint dolor aliquip pariatur proident ipsum id. Est voluptate et eiusmod labore ea ad consectetur minim nostrud ad. Exercitation sint laborum velit consequat magna dolor voluptate dolore incididunt nostrud eu deserunt sunt. Mollit qui sunt commodo id voluptate voluptate Lorem dolore est voluptate mollit consectetur ullamco est. Enim minim sunt ex non pariatur ex labore qui laborum sint consequat. Aute cupidatat id sint incididunt Lorem Lorem aute aliqua sint aliquip commodo laborum quis. Ex irure sit reprehenderit in amet. Fugiat in amet proident consequat occaecat officia et consequat ipsum aute commodo. Pariatur duis consequat ipsum enim quis Lorem sint eiusmod esse. Occaecat amet esse aliquip non incididunt nisi sint do. Magna deserunt irure est nostrud deserunt in elit in enim do occaecat consequat. Incididunt duis reprehenderit commodo mollit culpa ex. Cillum ullamco cupidatat sit fugiat exercitation voluptate elit nulla duis. Dolor deserunt ad aute sint. Sunt cillum aute anim quis anim anim. Voluptate enim proident voluptate deserunt mollit. Veniam exercitation ex aliquip laborum commodo esse laboris. Veniam exercitation dolore quis ea minim magna. Labore adipisicing magna in excepteur esse ullamco aliqua tempor veniam id anim. Nulla deserunt laboris aute reprehenderit nisi quis commodo. Excepteur tempor nulla amet fugiat ullamco sit. Nostrud proident exercitation veniam elit ullamco ullamco officia minim officia commodo id duis. Laboris ullamco aliquip voluptate dolore aliquip nostrud magna ut cillum nisi officia.
      </p>
      <h2
        id="item-4"
      >
        Heading 4
      </h2>
      <p>
        Et pariatur qui quis ullamco magna esse aliqua. Ea eiusmod commodo in laborum nulla cillum anim. Culpa sint dolor aliquip pariatur proident ipsum id. Est voluptate et eiusmod labore ea ad consectetur minim nostrud ad. Exercitation sint laborum velit consequat magna dolor voluptate dolore incididunt nostrud eu deserunt sunt. Mollit qui sunt commodo id voluptate voluptate Lorem dolore est voluptate mollit consectetur ullamco est. Enim minim sunt ex non pariatur ex labore qui laborum sint consequat. Aute cupidatat id sint incididunt Lorem Lorem aute aliqua sint aliquip commodo laborum quis. Ex irure sit reprehenderit in amet. Fugiat in amet proident consequat occaecat officia et consequat ipsum aute commodo. Pariatur duis consequat ipsum enim quis Lorem sint eiusmod esse. Occaecat amet esse aliquip non incididunt nisi sint do. Magna deserunt irure est nostrud deserunt in elit in enim do occaecat consequat. Incididunt duis reprehenderit commodo mollit culpa ex. Cillum ullamco cupidatat sit fugiat exercitation voluptate elit nulla duis. Dolor deserunt ad aute sint. Sunt cillum aute anim quis anim anim. Voluptate enim proident voluptate deserunt mollit. Veniam exercitation ex aliquip laborum commodo esse laboris. Veniam exercitation dolore quis ea minim magna. Labore adipisicing magna in excepteur esse ullamco aliqua tempor veniam id anim. Nulla deserunt laboris aute reprehenderit nisi quis commodo. Excepteur tempor nulla amet fugiat ullamco sit. Nostrud proident exercitation veniam elit ullamco ullamco officia minim officia commodo id duis. Laboris ullamco aliquip voluptate dolore aliquip nostrud magna ut cillum nisi officia.
      </p>
      <p>
        Et pariatur qui quis ullamco magna esse aliqua. Ea eiusmod commodo in laborum nulla cillum anim. Culpa sint dolor aliquip pariatur proident ipsum id. Est voluptate et eiusmod labore ea ad consectetur minim nostrud ad. Exercitation sint laborum velit consequat magna dolor voluptate dolore incididunt nostrud eu deserunt sunt. Mollit qui sunt commodo id voluptate voluptate Lorem dolore est voluptate mollit consectetur ullamco est. Enim minim sunt ex non pariatur ex labore qui laborum sint consequat. Aute cupidatat id sint incididunt Lorem Lorem aute aliqua sint aliquip commodo laborum quis. Ex irure sit reprehenderit in amet. Fugiat in amet proident consequat occaecat officia et consequat ipsum aute commodo. Pariatur duis consequat ipsum enim quis Lorem sint eiusmod esse. Occaecat amet esse aliquip non incididunt nisi sint do. Magna deserunt irure est nostrud deserunt in elit in enim do occaecat consequat. Incididunt duis reprehenderit commodo mollit culpa ex. Cillum ullamco cupidatat sit fugiat exercitation voluptate elit nulla duis. Dolor deserunt ad aute sint. Sunt cillum aute anim quis anim anim. Voluptate enim proident voluptate deserunt mollit. Veniam exercitation ex aliquip laborum commodo esse laboris. Veniam exercitation dolore quis ea minim magna. Labore adipisicing magna in excepteur esse ullamco aliqua tempor veniam id anim. Nulla deserunt laboris aute reprehenderit nisi quis commodo. Excepteur tempor nulla amet fugiat ullamco sit. Nostrud proident exercitation veniam elit ullamco ullamco officia minim officia commodo id duis. Laboris ullamco aliquip voluptate dolore aliquip nostrud magna ut cillum nisi officia.
      </p>
    </div>
  </div>
</jest>
`;
